<?xml version="1.0" encoding="utf-8" standalone="yes" ?>
<rss version="2.0" xmlns:atom="http://www.w3.org/2005/Atom">
  <channel>
    <title>Golden on Vincent Demeester</title>
    <link>http://vincent.demeester.fr/tags/golden/</link>
    <description>Recent content in Golden on Vincent Demeester</description>
    <generator>Hugo -- gohugo.io</generator>
    <language>fr-fr</language>
    <lastBuildDate>Sat, 22 Apr 2017 00:00:00 +0000</lastBuildDate>
    
	<atom:link href="http://vincent.demeester.fr/tags/golden/index.xml" rel="self" type="application/rss+xml" />
    
    
    <item>
      <title>Golang testing â€” golden file</title>
      <link>http://vincent.demeester.fr/posts/2017-04-22-golang-testing-golden-file/</link>
      <pubDate>Sat, 22 Apr 2017 00:00:00 +0000</pubDate>
      
      <guid>http://vincent.demeester.fr/posts/2017-04-22-golang-testing-golden-file/</guid>
      <description>Tests are all about maintainability and readability. You want the least visual noise possible and it should not be a hassle to maintain. When testing functions that output a long of string, in case of a command line output testing, readability and maintainance tend to be tricky to achieve. The problem  As an example let&#39;s say we want to test out the output of a command that displays a list as a table.</description>
    </item>
    
  </channel>
</rss>